00:00 +0: loading test/schedule_test.dart
00:00 +0: test/schedule_test.dart: ежемесячный: ключ ГГГГ-ММ, 31-е в коротком месяце — последний день
00:00 +1: test/daily_limit_test.dart: траты дня: запланированное отдельно, возврат — по дню покупки, отменённое не считается
00:00 +2: test/daily_limit_test.dart: траты дня: запланированное отдельно, возврат — по дню покупки, отменённое не считается
00:00 +3: test/daily_limit_test.dart: траты дня: запланированное отдельно, возврат — по дню покупки, отменённое не считается
00:00 +4: test/daily_limit_test.dart: траты дня: запланированное отдельно, возврат — по дню покупки, отменённое не считается
00:00 +5: test/daily_limit_test.dart: траты дня: запланированное отдельно, возврат — по дню покупки, отменённое не считается
00:00 +6: test/daily_limit_test.dart: траты дня: запланированное отдельно, возврат — по дню покупки, отменённое не считается
00:00 +7: test/daily_limit_test.dart: траты дня: запланированное отдельно, возврат — по дню покупки, отменённое не считается
00:00 +8: test/daily_limit_test.dart: траты дня: запланированное отдельно, возврат — по дню покупки, отменённое не считается
00:00 +9: test/daily_limit_test.dart: траты дня: запланированное отдельно, возврат — по дню покупки, отменённое не считается
00:00 +10: test/daily_limit_test.dart: лимит не задан — доступного нет
00:00 +11: test/daily_limit_test.dart: без переноса: лимит минус сегодняшние траты; перерасход остаётся отрицательным
00:00 +12: test/daily_limit_test.dart: с переносом: прошлые дни добавляют или отнимают, история сумм не пересчитывает прошлое
00:00 +13: test/daily_limit_test.dart: доступное не больше денег на счетах, а отложенное на цели не считается
00:00 +14: test/ai_actions_test.dart: кнопки консультанта: только известные id, без повторов, не больше двух (D108)
00:00 +15: test/voice_test.dart: «Кофе 1 200» — расход, кафе, 1 200, сегодня
00:00 +16: test/debt_reporting_test.dart: заём, покупка и возврат в другом месяце: расход один раз, капитал не меняется от возврата
00:00 +17: test/debt_reporting_test.dart: заём, покупка и возврат в другом месяце: расход один раз, капитал не меняется от возврата
00:00 +18: test/voice_test.dart: «Зарплата 450 тысяч на Halyk» — доход
00:00 +19: test/voice_test.dart: «Зарплата 450 тысяч на Halyk» — доход
00:00 +20: test/voice_test.dart: «Зарплата 450 тысяч на Halyk» — доход
00:00 +21: test/voice_test.dart: «Зарплата 450 тысяч на Halyk» — доход
00:00 +22: test/voice_test.dart: «Перевёл 20 тысяч с Kaspi на депозит» — перевод с двумя счетами
00:00 +23: test/voice_test.dart: «Дал Асхату 30 тысяч в долг» — выдача долга
00:00 +24: test/voice_test.dart: «Асхат вернул десять тысяч» — возврат мне, число словами
00:00 +25: test/voice_test.dart: числа словами: «двести пятьдесят», «полторы тысячи»
00:00 +26: test/restore_test.dart: восстановление возвращает эффект операции и помнит исходную запись
00:00 +27: test/restore_test.dart: восстановление возвращает эффект операции и помнит исходную запись
00:00 +28: test/restore_test.dart: восстановление возвращает эффект операции и помнит исходную запись
00:00 +29: test/restore_test.dart: восстановление возвращает эффект операции и помнит исходную запись
00:00 +30: test/restore_test.dart: восстановление возвращает эффект операции и помнит исходную запись
00:00 +31: test/restore_test.dart: восстановление возвращает эффект операции и помнит исходную запись
00:00 +32: test/restore_test.dart: восстановление возвращает эффект операции и помнит исходную запись
00:00 +33: test/voice_test.dart: названия счетов цифра или слог из названия счёта не портят сумму и не выбирают счёт
00:00 +34: test/voice_test.dart: названия счетов цифра или слог из названия счёта не портят сумму и не выбирают счёт
00:00 +35: test/voice_test.dart: названия счетов цифра или слог из названия счёта не портят сумму и не выбирают счёт
00:00 +36: test/voice_test.dart: названия счетов латинское название узнаётся в русской записи — так его отдаёт распознавание речи
00:00 +37: test/ux_gaps_a_test.dart: И7 «дал в долг» и «мне вернули» в отчёте периода выдача и возврат считаются отдельно и не входят в доходы и расходы
00:00 +38: test/voice_test.dart: названия счетов русское название узнаётся в другом падеже
00:00 +39: test/tips_test.dart: советы: 72 штуки, коды и тексты уникальны, оба языка заполнены и различаются
00:00 +40: test/tips_test.dart: советы: 72 штуки, коды и тексты уникальны, оба языка заполнены и различаются
00:00 +41: test/tips_test.dart: советы: 72 штуки, коды и тексты уникальны, оба языка заполнены и различаются
00:00 +42: test/tips_test.dart: советы: 72 штуки, коды и тексты уникальны, оба языка заполнены и различаются
00:00 +43: test/tips_test.dart: советы: 72 штуки, коды и тексты уникальны, оба языка заполнены и различаются
00:00 +44: test/tips_test.dart: советы: 72 штуки, коды и тексты уникальны, оба языка заполнены и различаются
00:00 +45: test/voice_test.dart: имя в долге пишут и с маленькой буквы; глагол в начале фразы — не имя
00:00 +46: test/voice_test.dart: имя в долге пишут и с маленькой буквы; глагол в начале фразы — не имя
00:00 +47: test/ux_gaps_a_test.dart: Ж3 снял / положил — перевод «Снял 20 тысяч с каспи» — перевод Kaspi → наличные
00:00 +48: test/ux_gaps_a_test.dart: Ж3 снял / положил — перевод «Снял 20 тысяч с каспи» — перевод Kaspi → наличные
00:00 +49: test/formulas_test.dart: Дневной ориентир T22 100 000 на 10 дней, потрачено 2 000 → остаток дня 8 000
00:00 +50: test/formulas_test.dart: Дневной ориентир T22 100 000 на 10 дней, потрачено 2 000 → остаток дня 8 000
00:00 +51: test/ux_gaps_a_test.dart: Ж3 снял / положил — перевод «Снял 20 тысяч наличными с каспи» — счета не путаются
00:00 +52: test/ux_gaps_a_test.dart: Ж3 снял / положил — перевод «Снял 20 тысяч наличными с каспи» — счета не путаются
00:00 +53: test/ux_gaps_a_test.dart: Ж3 снял / положил — перевод «Снял 20 тысяч наличными с каспи» — счета не путаются
00:00 +54: test/formulas_test.dart: Дневной ориентир маленький аванс завтра не освобождает деньги на аренду послезавтра
00:00 +55: test/ux_gaps_a_test.dart: Ж3 снял / положил — перевод «Положил 30000 на каспи» — наличные → Kaspi
00:00 +56: test/ux_gaps_a_test.dart: Ж3 снял / положил — перевод «Положил 30000 на каспи» — наличные → Kaspi
00:00 +57: test/formulas_test.dart: Лимиты 80% и прогноз
00:00 +58: test/ux_gaps_a_test.dart: Ж3 снял / положил — перевод «Пополнил халык 15000 с каспи» — Kaspi → Halyk (первый названный)
00:00 +59: test/ux_gaps_a_test.dart: Ж3 снял / положил — перевод «Пополнил халык 15000 с каспи» — Kaspi → Halyk (первый названный)
00:00 +60: test/ux_gaps_a_test.dart: Ж3 снял / положил — перевод «Пополнил халык 15000 с каспи» — Kaspi → Halyk (первый названный)
00:00 +61: test/formulas_test.dart: Цели прогресс, остаток, требуемый взнос
00:00 +62: test/ux_gaps_a_test.dart: Ж3 снял / положил — перевод «Снял квартиру 150000» — расход, не перевод
00:00 +63: test/formulas_test.dart: Цели T23 нулевая цель и отсутствие взносов: null вместо NaN
00:00 +64: test/ux_gaps_a_test.dart: Ж3 снял / положил — перевод «Положил ключи 500» — расход: ни денег, ни счёта рядом
00:00 +65: test/ux_gaps_a_test.dart: Ж3 снял / положил — перевод «Положил ключи 500» — расход: ни денег, ни счёта рядом
00:00 +66: test/ux_gaps_a_test.dart: Ж3 снял / положил — перевод «Положил ключи 500» — расход: ни денег, ни счёта рядом
00:00 +67: test/formulas_test.dart: Кредиты T15 120 000 под 0% на 12 месяцев: по 10 000, без деления на ноль
00:00 +68: test/ux_gaps_a_test.dart: Ж3 снял / положил — перевод без счёта наличных — перевод с названного счёта, получатель пуст
00:00 +69: test/formulas_test.dart: Кредиты T16 остаток 100 000, 0%, платёж 10 000, досрочно 20 000 → 80 000 и восемь платежей
00:00 +70: test/ux_gaps_a_test.dart: Ж1 покупка в рассрочку заметка и время попадают в запись, расход в месяце покупки, долг на остаток
00:00 +71: test/formulas_test.dart: Кредиты аннуитет 1 000 000 под 12% на 12 месяцев ≈ 88 849
00:00 +72: test/formulas_test.dart: Кредиты платёж меньше процентов: причина вместо числа
00:00 +73: test/formulas_test.dart: Кредиты досрочно: сокращение срока экономит больше процентов, чем уменьшение платежа
00:00 +74: test/formulas_test.dart: Стратегии долгов лавина — по ставке, снежный ком — по остатку
00:00 +75: test/formulas_test.dart: Стратегии долгов бюджет меньше минимальных платежей — причина, не расчёт
00:00 +76: test/scenarios_test.dart: Балансы и доходы T01 начальный остаток: баланс 100 000, доход периода 0
00:00 +77: test/scenarios_test.dart: Балансы и доходы T02 зарплата 450 000: баланс 550 000, доход 450 000
00:00 +78: test/scenarios_test.dart: Балансы и доходы T03 расход 8 400: баланс 541 600, расход 8 400
00:00 +79: test/scenarios_test.dart: Балансы и доходы T04 перевод 20 000: остатки 80 000 и 20 000, расход 0, активы 100 000
00:00 +80: test/scenarios_test.dart: Цели и резервы T05 резерв 20 000: деньги и активы 100 000, свободно 80 000
00:00 +81: test/scenarios_test.dart: Цели и резервы T06 трата 5 000 из цели: деньги 95 000, резерв 15 000, свободно 80 000, расход 5 000
00:00 +82: test/scenarios_test.dart: Цели и резервы резерв не может превышать доступный остаток
00:00 +83: test/scenarios_test.dart: Цели и резервы T34 при отказе операции резерв не меняется
00:00 +84: test/scenarios_test.dart: Личные долги T07 взять долг 30 000: деньги 130 000, обязательство 30 000, капитал 100 000
00:00 +85: test/scenarios_test.dart: Личные долги T08 дать долг 30 000: деньги 70 000, требование 30 000, капитал 100 000
00:00 +86: test/scenarios_test.dart: Личные долги T09 возврат 10 000: деньги 80 000, требование 20 000, доход 0
00:00 +87: test/scenarios_test.dart: Личные долги возврат сверх требования отклоняется
00:00 +88: test/scenarios_test.dart: Кредиты и рассрочки T10 платёж 52 000 = тело 40 000 + проценты 12 000
00:00 +89: test/scenarios_test.dart: Кредиты и рассрочки T11 рассрочка 240 000 без взноса: расход 240 000, долг 240 000, деньги не меняются
00:00 +90: test/scenarios_test.dart: Кредиты и рассрочки T12 платёж 20 000 по рассрочке: отток 20 000, долг 220 000, новый расход 0
00:00 +91: test/scenarios_test.dart: Кредиты и рассрочки T19 возврат 120 000 по неоплаченной кредитной покупке: долг 120 000, деньги те же
00:00 +92: test/scenarios_test.dart: Кредиты и рассрочки T32 квартира 20 млн полностью в кредит: актив и долг +20 млн, расхода и дохода нет
00:00 +93: test/scenarios_test.dart: Кредиты и рассрочки тело платежа больше остатка долга отклоняется
00:00 +94: test/scenarios_test.dart: Возвраты, бонусы, чеки T13 покупка 10 000: деньги 8 000 + бонусы 2 000 → расход 8 000
00:00 +95: test/debt_payments_test.dart: платёж по кредиту: основная сумма отдельно от расходов, проценты — расход
00:00 +96: test/debt_payments_test.dart: платёж по кредиту: основная сумма отдельно от расходов, проценты — расход
00:00 +97: test/debt_payments_test.dart: платёж по кредиту: основная сумма отдельно от расходов, проценты — расход
00:00 +98: test/debt_payments_test.dart: платёж по кредиту: основная сумма отдельно от расходов, проценты — расход
00:00 +99: test/debt_payments_test.dart: платёж по кредиту: основная сумма отдельно от расходов, проценты — расход
00:00 +100: test/debt_payments_test.dart: платёж по кредиту: основная сумма отдельно от расходов, проценты — расход
00:00 +101: test/debt_payments_test.dart: платёж по кредиту: основная сумма отдельно от расходов, проценты — расход
00:00 +102: test/debt_payments_test.dart: платёж по кредиту: основная сумма отдельно от расходов, проценты — расход
00:00 +103: test/debt_payments_test.dart: платёж по кредиту: основная сумма отдельно от расходов, проценты — расход
00:00 +104: test/debt_payments_test.dart: платёж по кредиту: основная сумма отдельно от расходов, проценты — расход
00:00 +105: test/debt_payments_test.dart: платёж по кредиту: основная сумма отдельно от расходов, проценты — расход
00:00 +106: test/debt_payments_test.dart: платёж по кредиту: основная сумма отдельно от расходов, проценты — расход
00:00 +107: test/debt_payments_test.dart: платёж по кредиту: основная сумма отдельно от расходов, проценты — расход
00:00 +108: test/debt_payments_test.dart: платёж по кредиту: основная сумма отдельно от расходов, проценты — расход
00:00 +109: test/debt_payments_test.dart: платёж по кредиту: основная сумма отдельно от расходов, проценты — расход
00:00 +110: test/reconciliation_test.dart: остатки на границе месяца: кофе первого числа, перенос, архив и новый счёт
00:00 +111: test/reconciliation_test.dart: остатки на границе месяца: кофе первого числа, перенос, архив и новый счёт
00:00 +112: test/reconciliation_test.dart: остатки на границе месяца: кофе первого числа, перенос, архив и новый счёт
00:00 +113: test/reconciliation_test.dart: остатки на границе месяца: кофе первого числа, перенос, архив и новый счёт
00:00 +114: test/reconciliation_test.dart: закрытие только после конца месяца, включая год и високосный февраль
00:00 +115: test/commands_test.dart: команды применяются и журнал восстанавливается из JSON без потерь
00:00 +116: test/commands_test.dart: команды применяются и журнал восстанавливается из JSON без потерь
00:00 +117: test/commands_test.dart: команды применяются и журнал восстанавливается из JSON без потерь
00:00 +118: test/analytics_formulas_test.dart: expenseTypeOf / splitExpenseTypes встроенные категории распределены по трём типам
00:00 +119: test/analytics_formulas_test.dart: expenseTypeOf / splitExpenseTypes встроенные категории распределены по трём типам
00:00 +120: test/analytics_formulas_test.dart: expenseTypeOf / splitExpenseTypes встроенные категории распределены по трём типам
00:00 +121: test/analytics_formulas_test.dart: expenseTypeOf / splitExpenseTypes встроенные категории распределены по трём типам
00:00 +122: test/analytics_formulas_test.dart: expenseTypeOf / splitExpenseTypes встроенные категории распределены по трём типам
00:00 +123: test/commands_test.dart: начальный остаток заменяется как правка: прежний не лежит в корзине и не восстанавливается (D94)
00:00 +124: test/commands_test.dart: начальный остаток заменяется как правка: прежний не лежит в корзине и не восстанавливается (D94)
00:00 +125: test/commands_test.dart: начальный остаток заменяется как правка: прежний не лежит в корзине и не восстанавливается (D94)
00:00 +126: test/analytics_formulas_test.dart: forecastMonthEnd точка и диапазон считаются по формуле, доход увеличивает остаток
00:00 +127: test/analytics_formulas_test.dart: forecastMonthEnd оценка и диапазон округляются до целого тенге — дробные тиыны не просачиваются в прогноз
00:00 +128: test/analytics_formulas_test.dart: forecastMonthEnd нулевые дни до конца месяца — трат больше не прогнозируется
00:00 +129: test/analytics_formulas_test.dart: debtLoad / monthsToPayoff общий долг и платежи суммируются, доля дохода считается верно
00:00 +130: test/analytics_formulas_test.dart: debtLoad / monthsToPayoff без исходных остатков доля погашения неизвестна, без дохода — доля дохода неизвестна
00:00 +131: test/analytics_formulas_test.dart: debtLoad / monthsToPayoff месяцев до погашения растёт при меньшем бюджете и падает при большем
00:00 +132: test/analytics_formulas_test.dart: debtLoad / monthsToPayoff без долгов — ноль месяцев
00:00 +133: test/refund_chain_test.dart: после правки покупки возврат привязан к исходной версии
00:00 +134: test/refund_chain_test.dart: частичный возврат: остаток можно вернуть, больше — нельзя
00:00 +135: test/refund_chain_test.dart: отменённый возврат не считается возвращённым
00:00 +136: test/refund_chain_test.dart: старую версию правленной покупки нельзя показать в корзине и восстановить (повторный аудит, F01)
00:00 +137: test/refund_chain_test.dart: восстановление возврата заново проверяет лимит — покупку успели урезать (повторный аудит, F02)
00:00 +138: test/refund_chain_test.dart: восстановление платежа по кредиту заново проверяет остаток долга (повторный аудит, F02)
00:00 +139: test/refund_chain_test.dart: правку покупки нельзя занизить ниже уже возвращённой суммы (повторный аудит, F03)
00:00 +140: test/refund_chain_test.dart: оплата по кредиту хранит meta (связь со сроком планового платежа)
00:00 +141: All tests passed!
