00:00 +0: loading test/month_nudge_db_test.dart
00:00 +0: test/month_nudge_db_test.dart: месячное напоминание: уходит один раз тем, кто вёл учёт и не закрыл месяц
00:00 +1: test/month_nudge_db_test.dart: месячное напоминание: уходит один раз тем, кто вёл учёт и не закрыл месяц
00:00 +2: test/month_nudge_db_test.dart: месячное напоминание: уходит один раз тем, кто вёл учёт и не закрыл месяц
00:00 +3: test/month_nudge_db_test.dart: месячное напоминание: уходит один раз тем, кто вёл учёт и не закрыл месяц
00:00 +4: test/month_nudge_db_test.dart: месячное напоминание: уходит один раз тем, кто вёл учёт и не закрыл месяц
00:00 +5: test/month_nudge_db_test.dart: месячное напоминание: уходит один раз тем, кто вёл учёт и не закрыл месяц
00:00 +6: test/month_nudge_db_test.dart: месячное напоминание: уходит один раз тем, кто вёл учёт и не закрыл месяц
00:00 +7: test/month_nudge_db_test.dart: месячное напоминание: уходит один раз тем, кто вёл учёт и не закрыл месяц
00:00 +8: test/month_nudge_db_test.dart: месячное напоминание: уходит один раз тем, кто вёл учёт и не закрыл месяц
00:00 +9: test/month_nudge_db_test.dart: месячное напоминание: уходит один раз тем, кто вёл учёт и не закрыл месяц
00:00 +10: test/month_nudge_db_test.dart: месячное напоминание: уходит один раз тем, кто вёл учёт и не закрыл месяц
00:00 +11: test/month_nudge_db_test.dart: месячное напоминание: уходит один раз тем, кто вёл учёт и не закрыл месяц
00:00 +12: test/month_nudge_db_test.dart: месячное напоминание: уходит один раз тем, кто вёл учёт и не закрыл месяц
00:00 +13: test/month_nudge_db_test.dart: месячное напоминание: уходит один раз тем, кто вёл учёт и не закрыл месяц
00:00 +14: test/month_nudge_db_test.dart: месячное напоминание: уходит один раз тем, кто вёл учёт и не закрыл месяц
00:00 +15: test/month_nudge_db_test.dart: месячное напоминание: уходит один раз тем, кто вёл учёт и не закрыл месяц
00:00 +16: test/month_nudge_db_test.dart: месячное напоминание: уходит один раз тем, кто вёл учёт и не закрыл месяц
00:00 +17: test/month_nudge_db_test.dart: месячное напоминание: уходит один раз тем, кто вёл учёт и не закрыл месяц
00:00 +18: test/month_nudge_db_test.dart: месячное напоминание: уходит один раз тем, кто вёл учёт и не закрыл месяц
00:00 +19: test/month_nudge_db_test.dart: месячное напоминание: уходит один раз тем, кто вёл учёт и не закрыл месяц
00:00 +20: test/month_nudge_db_test.dart: месячное напоминание: уходит один раз тем, кто вёл учёт и не закрыл месяц
00:00 +21: test/month_nudge_db_test.dart: месячное напоминание: уходит один раз тем, кто вёл учёт и не закрыл месяц
00:00 +22: test/month_nudge_db_test.dart: месячное напоминание: уходит один раз тем, кто вёл учёт и не закрыл месяц
00:00 +23: test/month_nudge_db_test.dart: месячное напоминание: уходит один раз тем, кто вёл учёт и не закрыл месяц
00:00 +24: test/month_nudge_db_test.dart: месячное напоминание: уходит один раз тем, кто вёл учёт и не закрыл месяц
00:00 +25: test/month_nudge_db_test.dart: месячное напоминание: уходит один раз тем, кто вёл учёт и не закрыл месяц
00:00 +26: test/month_nudge_db_test.dart: месячное напоминание: уходит один раз тем, кто вёл учёт и не закрыл месяц
00:00 +27: test/month_nudge_db_test.dart: месячное напоминание: уходит один раз тем, кто вёл учёт и не закрыл месяц
00:00 +28: test/month_nudge_db_test.dart: месячное напоминание: уходит один раз тем, кто вёл учёт и не закрыл месяц
00:00 +29: test/month_nudge_db_test.dart: месячное напоминание: уходит один раз тем, кто вёл учёт и не закрыл месяц
00:00 +30: test/month_nudge_db_test.dart: месячное напоминание: уходит один раз тем, кто вёл учёт и не закрыл месяц
00:00 +31: test/month_nudge_db_test.dart: месячное напоминание: уходит один раз тем, кто вёл учёт и не закрыл месяц
00:00 +32: test/month_nudge_db_test.dart: месячное напоминание: уходит один раз тем, кто вёл учёт и не закрыл месяц
00:00 +33: test/month_nudge_db_test.dart: месячное напоминание: уходит один раз тем, кто вёл учёт и не закрыл месяц
00:00 +34: test/month_nudge_db_test.dart: месячное напоминание: уходит один раз тем, кто вёл учёт и не закрыл месяц
00:00 +35: test/month_nudge_db_test.dart: месячное напоминание: уходит один раз тем, кто вёл учёт и не закрыл месяц
00:00 +36: test/month_nudge_db_test.dart: месячное напоминание: уходит один раз тем, кто вёл учёт и не закрыл месяц
00:00 +37: test/month_nudge_db_test.dart: месячное напоминание: уходит один раз тем, кто вёл учёт и не закрыл месяц
00:00 +38: test/month_nudge_db_test.dart: месячное напоминание: уходит один раз тем, кто вёл учёт и не закрыл месяц
00:00 +39: test/month_nudge_db_test.dart: месячное напоминание: уходит один раз тем, кто вёл учёт и не закрыл месяц
00:00 +40: test/month_nudge_db_test.dart: месячное напоминание: уходит один раз тем, кто вёл учёт и не закрыл месяц
00:00 +41: test/month_nudge_db_test.dart: месячное напоминание: уходит один раз тем, кто вёл учёт и не закрыл месяц
00:00 +42: test/month_nudge_db_test.dart: месячное напоминание: уходит один раз тем, кто вёл учёт и не закрыл месяц
00:00 +43: test/month_nudge_db_test.dart: месячное напоминание: уходит один раз тем, кто вёл учёт и не закрыл месяц
00:00 +44: test/month_nudge_db_test.dart: месячное напоминание: уходит один раз тем, кто вёл учёт и не закрыл месяц
00:00 +45: test/month_nudge_db_test.dart: месячное напоминание: уходит один раз тем, кто вёл учёт и не закрыл месяц
00:00 +46: test/month_nudge_db_test.dart: месячное напоминание: уходит один раз тем, кто вёл учёт и не закрыл месяц
00:00 +47: test/month_nudge_db_test.dart: месячное напоминание: уходит один раз тем, кто вёл учёт и не закрыл месяц
00:00 +48: test/month_nudge_db_test.dart: месячное напоминание: уходит один раз тем, кто вёл учёт и не закрыл месяц
00:00 +49: test/month_nudge_db_test.dart: месячное напоминание: уходит один раз тем, кто вёл учёт и не закрыл месяц
00:00 +50: test/month_nudge_db_test.dart: месячное напоминание: уходит один раз тем, кто вёл учёт и не закрыл месяц
00:00 +51: test/month_nudge_db_test.dart: месячное напоминание: уходит один раз тем, кто вёл учёт и не закрыл месяц
00:00 +52: test/month_nudge_db_test.dart: месячное напоминание: уходит один раз тем, кто вёл учёт и не закрыл месяц
00:00 +53: test/month_nudge_db_test.dart: месячное напоминание: уходит один раз тем, кто вёл учёт и не закрыл месяц
00:00 +54: test/month_nudge_db_test.dart: месячное напоминание: уходит один раз тем, кто вёл учёт и не закрыл месяц
00:00 +55: test/month_nudge_db_test.dart: месячное напоминание: уходит один раз тем, кто вёл учёт и не закрыл месяц
00:00 +56: test/month_nudge_db_test.dart: месячное напоминание: уходит один раз тем, кто вёл учёт и не закрыл месяц
00:00 +57: test/month_nudge_db_test.dart: месячное напоминание: уходит один раз тем, кто вёл учёт и не закрыл месяц
00:02 +58: test/month_nudge_db_test.dart: месячное напоминание: уходит один раз тем, кто вёл учёт и не закрыл месяц
00:03 +58: test/statement_import_db_test.dart: файл → сводка → «Записать» → операции в журнале, остаток как в банке → «Отменить импорт»
import: выписка разобрана — строк 9, язык ru, итоги сошлись, виды {purchase: 3, other: 1, ownIn: 1, withdrawal: 1, ownOut: 1, transfer: 1, topup: 1}
00:05 +59: test/month_nudge_db_test.dart: месячное напоминание: уходит один раз тем, кто вёл учёт и не закрыл месяц
00:06 +60: test/month_nudge_db_test.dart: месячное напоминание: уходит один раз тем, кто вёл учёт и не закрыл месяц
00:06 +61: test/month_nudge_db_test.dart: месячное напоминание: уходит один раз тем, кто вёл учёт и не закрыл месяц
00:08 +62: test/month_nudge_db_test.dart: месячное напоминание: уходит один раз тем, кто вёл учёт и не закрыл месяц
00:09 +63: test/month_nudge_db_test.dart: месячное напоминание: уходит один раз тем, кто вёл учёт и не закрыл месяц
00:10 +64: test/month_nudge_db_test.dart: месячное напоминание: уходит один раз тем, кто вёл учёт и не закрыл месяц
00:10 +65: test/month_nudge_db_test.dart: месячное напоминание: уходит один раз тем, кто вёл учёт и не закрыл месяц
00:12 +66: test/month_nudge_db_test.dart: месячное напоминание: уходит один раз тем, кто вёл учёт и не закрыл месяц
00:14 +67: test/month_nudge_db_test.dart: месячное напоминание: уходит один раз тем, кто вёл учёт и не закрыл месяц
00:14 +68: test/month_nudge_db_test.dart: месячное напоминание: уходит один раз тем, кто вёл учёт и не закрыл месяц
00:14 +69: test/month_nudge_db_test.dart: месячное напоминание: уходит один раз тем, кто вёл учёт и не закрыл месяц
00:14 +70: test/month_nudge_db_test.dart: месячное напоминание: уходит один раз тем, кто вёл учёт и не закрыл месяц
00:14 +71: test/month_nudge_db_test.dart: месячное напоминание: уходит один раз тем, кто вёл учёт и не закрыл месяц
00:14 +72: test/month_nudge_db_test.dart: месячное напоминание: уходит один раз тем, кто вёл учёт и не закрыл месяц
00:14 +73: test/month_nudge_db_test.dart: месячное напоминание: уходит один раз тем, кто вёл учёт и не закрыл месяц
00:14 +74: test/month_nudge_db_test.dart: месячное напоминание: уходит один раз тем, кто вёл учёт и не закрыл месяц
00:14 +75: test/month_nudge_db_test.dart: месячное напоминание: уходит один раз тем, кто вёл учёт и не закрыл месяц
00:14 +76: test/month_nudge_db_test.dart: месячное напоминание: уходит один раз тем, кто вёл учёт и не закрыл месяц
00:14 +77: test/month_nudge_db_test.dart: месячное напоминание: уходит один раз тем, кто вёл учёт и не закрыл месяц
00:14 +78: test/month_nudge_db_test.dart: месячное напоминание: уходит один раз тем, кто вёл учёт и не закрыл месяц
00:14 +79: test/month_nudge_db_test.dart: месячное напоминание: уходит один раз тем, кто вёл учёт и не закрыл месяц
00:14 +80: test/month_nudge_db_test.dart: месячное напоминание: уходит один раз тем, кто вёл учёт и не закрыл месяц
00:14 +81: test/month_nudge_db_test.dart: месячное напоминание: уходит один раз тем, кто вёл учёт и не закрыл месяц
00:14 +82: test/month_nudge_db_test.dart: месячное напоминание: уходит один раз тем, кто вёл учёт и не закрыл месяц
00:14 +83: test/month_nudge_db_test.dart: месячное напоминание: уходит один раз тем, кто вёл учёт и не закрыл месяц
00:14 +84: test/month_nudge_db_test.dart: месячное напоминание: уходит один раз тем, кто вёл учёт и не закрыл месяц
00:14 +85: test/month_nudge_db_test.dart: месячное напоминание: уходит один раз тем, кто вёл учёт и не закрыл месяц
00:14 +86: test/month_nudge_db_test.dart: месячное напоминание: уходит один раз тем, кто вёл учёт и не закрыл месяц
00:14 +87: test/month_nudge_db_test.dart: месячное напоминание: уходит один раз тем, кто вёл учёт и не закрыл месяц
00:14 +88: test/month_nudge_db_test.dart: месячное напоминание: уходит один раз тем, кто вёл учёт и не закрыл месяц
00:14 +89: test/month_nudge_db_test.dart: месячное напоминание: уходит один раз тем, кто вёл учёт и не закрыл месяц
00:15 +89: test/statement_import_db_test.dart: файл → сводка → «Записать» → операции в журнале, остаток как в банке → «Отменить импорт»
import: выписка разобрана — строк 9, язык ru, итоги сошлись, виды {purchase: 3, other: 1, ownIn: 1, withdrawal: 1, ownOut: 1, transfer: 1, topup: 1}
00:16 +90: test/month_nudge_db_test.dart: месячное напоминание: уходит один раз тем, кто вёл учёт и не закрыл месяц
00:20 +91: test/month_nudge_db_test.dart: месячное напоминание: уходит один раз тем, кто вёл учёт и не закрыл месяц
00:20 +92: test/month_nudge_db_test.dart: месячное напоминание: уходит один раз тем, кто вёл учёт и не закрыл месяц
00:21 +93: test/month_nudge_db_test.dart: месячное напоминание: уходит один раз тем, кто вёл учёт и не закрыл месяц
00:21 +94: test/month_nudge_db_test.dart: месячное напоминание: уходит один раз тем, кто вёл учёт и не закрыл месяц
00:22 +95: test/month_nudge_db_test.dart: месячное напоминание: уходит один раз тем, кто вёл учёт и не закрыл месяц
00:23 +95: test/statement_import_db_test.dart: та же выписка второй раз: новых операций нет, записывать нечего
import: выписка разобрана — строк 9, язык ru, итоги сошлись, виды {purchase: 3, other: 1, ownIn: 1, withdrawal: 1, ownOut: 1, transfer: 1, topup: 1}
00:23 +96: test/month_nudge_db_test.dart: месячное напоминание: уходит один раз тем, кто вёл учёт и не закрыл месяц
00:25 +97: test/month_nudge_db_test.dart: месячное напоминание: уходит один раз тем, кто вёл учёт и не закрыл месяц
00:25 +98: test/month_nudge_db_test.dart: месячное напоминание: уходит один раз тем, кто вёл учёт и не закрыл месяц
00:25 +99: test/month_nudge_db_test.dart: месячное напоминание: уходит один раз тем, кто вёл учёт и не закрыл месяц
00:25 +100: test/month_nudge_db_test.dart: месячное напоминание: уходит один раз тем, кто вёл учёт и не закрыл месяц
00:26 +101: test/month_nudge_db_test.dart: месячное напоминание: уходит один раз тем, кто вёл учёт и не закрыл месяц
00:26 +102: test/month_nudge_db_test.dart: месячное напоминание: уходит один раз тем, кто вёл учёт и не закрыл месяц
00:26 +103: test/month_nudge_db_test.dart: месячное напоминание: уходит один раз тем, кто вёл учёт и не закрыл месяц
00:26 +104: test/month_nudge_db_test.dart: месячное напоминание: уходит один раз тем, кто вёл учёт и не закрыл месяц
00:26 +105: test/month_nudge_db_test.dart: месячное напоминание: уходит один раз тем, кто вёл учёт и не закрыл месяц
00:26 +106: test/month_nudge_db_test.dart: месячное напоминание: уходит один раз тем, кто вёл учёт и не закрыл месяц
00:26 +107: test/month_nudge_db_test.dart: месячное напоминание: уходит один раз тем, кто вёл учёт и не закрыл месяц
00:28 +108: test/month_nudge_db_test.dart: месячное напоминание: уходит один раз тем, кто вёл учёт и не закрыл месяц
00:28 +109: test/month_nudge_db_test.dart: месячное напоминание: уходит один раз тем, кто вёл учёт и не закрыл месяц
00:28 +109: test/statement_import_db_test.dart: та же выписка второй раз: новых операций нет, записывать нечего
import: выписка разобрана — строк 9, язык ru, итоги сошлись, виды {purchase: 3, other: 1, ownIn: 1, withdrawal: 1, ownOut: 1, transfer: 1, topup: 1}
00:29 +110: test/month_nudge_db_test.dart: месячное напоминание: уходит один раз тем, кто вёл учёт и не закрыл месяц
00:30 +111: test/month_nudge_db_test.dart: месячное напоминание: уходит один раз тем, кто вёл учёт и не закрыл месяц
00:33 +111: test/statement_import_db_test.dart: записанное вручную сверяется: совпавшее не задваивается, лишнее видно и выравнивается кнопкой
import: выписка разобрана — строк 9, язык ru, итоги сошлись, виды {purchase: 3, other: 1, ownIn: 1, withdrawal: 1, ownOut: 1, transfer: 1, topup: 1}
00:37 +112: test/month_nudge_db_test.dart: месячное напоминание: уходит один раз тем, кто вёл учёт и не закрыл месяц
00:44 +113: test/month_nudge_db_test.dart: месячное напоминание: уходит один раз тем, кто вёл учёт и не закрыл месяц
00:47 +113: test/statement_import_db_test.dart: всё уже записано, а остаток расходится — выровнять можно и без записи
import: выписка разобрана — строк 9, язык ru, итоги сошлись, виды {purchase: 3, other: 1, ownIn: 1, withdrawal: 1, ownOut: 1, transfer: 1, topup: 1}
00:48 +114: test/month_nudge_db_test.dart: месячное напоминание: уходит один раз тем, кто вёл учёт и не закрыл месяц
00:51 +115: test/month_nudge_db_test.dart: месячное напоминание: уходит один раз тем, кто вёл учёт и не закрыл месяц
00:51 +116: test/month_nudge_db_test.dart: месячное напоминание: уходит один раз тем, кто вёл учёт и не закрыл месяц
00:51 +117: test/month_nudge_db_test.dart: месячное напоминание: уходит один раз тем, кто вёл учёт и не закрыл месяц
00:51 +118: test/month_nudge_db_test.dart: месячное напоминание: уходит один раз тем, кто вёл учёт и не закрыл месяц
00:51 +119: test/month_nudge_db_test.dart: месячное напоминание: уходит один раз тем, кто вёл учёт и не закрыл месяц
00:51 +120: test/month_nudge_db_test.dart: месячное напоминание: уходит один раз тем, кто вёл учёт и не закрыл месяц
00:51 +121: test/month_nudge_db_test.dart: месячное напоминание: уходит один раз тем, кто вёл учёт и не закрыл месяц
00:51 +122: test/month_nudge_db_test.dart: месячное напоминание: уходит один раз тем, кто вёл учёт и не закрыл месяц
00:51 +123: test/month_nudge_db_test.dart: месячное напоминание: уходит один раз тем, кто вёл учёт и не закрыл месяц
00:51 +124: test/month_nudge_db_test.dart: месячное напоминание: уходит один раз тем, кто вёл учёт и не закрыл месяц
00:51 +125: test/month_nudge_db_test.dart: месячное напоминание: уходит один раз тем, кто вёл учёт и не закрыл месяц
00:51 +126: test/month_nudge_db_test.dart: месячное напоминание: уходит один раз тем, кто вёл учёт и не закрыл месяц
00:53 +127: test/month_reconciliation_db_test.dart: сохранение, граница UTC+5, защита от гонки и повторная сверка на PostgreSQL
00:53 +127: test/statement_import_db_test.dart: всё уже записано, а остаток расходится — выровнять можно и без записи
import: выписка разобрана — строк 9, язык ru, итоги сошлись, виды {purchase: 3, other: 1, ownIn: 1, withdrawal: 1, ownOut: 1, transfer: 1, topup: 1}
00:54 +128: test/month_reconciliation_db_test.dart: сохранение, граница UTC+5, защита от гонки и повторная сверка на PostgreSQL
00:57 +129: test/month_reconciliation_db_test.dart: сохранение, граница UTC+5, защита от гонки и повторная сверка на PostgreSQL
00:58 +130: test/month_reconciliation_db_test.dart: сохранение, граница UTC+5, защита от гонки и повторная сверка на PostgreSQL
01:00 +130: test/statement_import_db_test.dart: операцию из выписки поправили и удалили в приложении: отмена импорта это учитывает
import: выписка разобрана — строк 9, язык ru, итоги сошлись, виды {purchase: 3, other: 1, ownIn: 1, withdrawal: 1, ownOut: 1, transfer: 1, topup: 1}
01:04 +131: test/month_reconciliation_db_test.dart: сохранение, граница UTC+5, защита от гонки и повторная сверка на PostgreSQL
01:06 +132: test/statement_import_db_test.dart: операцию из выписки поправили и удалили в приложении: отмена импорта это учитывает
import: выписка разобрана — строк 9, язык ru, итоги сошлись, виды {purchase: 3, other: 1, ownIn: 1, withdrawal: 1, ownOut: 1, transfer: 1, topup: 1}
import: выписка разобрана — строк 1, язык ru, итоги сошлись, виды {purchase: 1}
01:11 +133: test/statement_import_db_test.dart: операцию из выписки поправили и удалили в приложении: отмена импорта это учитывает
01:11 +134: test/chat_entry_db_test.dart: голосовое: длинное не распознаётся, нераспознанное и лимит — понятный ответ
01:14 +134: test/statement_import_db_test.dart: перенос дневного лимита начинается заново и возвращается при отмене
import: выписка разобрана — строк 9, язык ru, итоги сошлись, виды {purchase: 3, other: 1, ownIn: 1, withdrawal: 1, ownOut: 1, transfer: 1, topup: 1}
01:17 +135: test/statement_import_db_test.dart: перенос дневного лимита начинается заново и возвращается при отмене
01:22 +136: test/statement_import_db_test.dart: перенос дневного лимита начинается заново и возвращается при отмене
01:27 +137: test/chat_entry_db_test.dart: (tearDownAll)
01:31 +137: test/statement_import_db_test.dart: плановый платёж из выписки отмечается оплаченным, платёж по кредиту не пишется; отмена снимает отметку
import: выписка разобрана — строк 9, язык ru, итоги сошлись, виды {purchase: 3, other: 1, ownIn: 1, withdrawal: 1, ownOut: 1, transfer: 1, topup: 1}
01:48 +138: test/statement_import_db_test.dart: деньги в копилке цели не считаются расхождением с банком и не выравниваются
import: выписка разобрана — строк 9, язык ru, итоги сошлись, виды {purchase: 3, other: 1, ownIn: 1, withdrawal: 1, ownOut: 1, transfer: 1, topup: 1}
import: выписка разобрана — строк 9, язык ru, итоги сошлись, виды {purchase: 3, other: 1, ownIn: 1, withdrawal: 1, ownOut: 1, transfer: 1, topup: 1}
02:00 +139: test/statement_import_db_test.dart: история продлевается назад второй выпиской; отменять импорты можно только с последнего
import: выписка разобрана — строк 9, язык ru, итоги сошлись, виды {purchase: 3, other: 1, ownIn: 1, withdrawal: 1, ownOut: 1, transfer: 1, topup: 1}
import: выписка разобрана — строк 2, язык ru, итоги сошлись, виды {purchase: 2}
02:19 +140: test/statement_import_db_test.dart: несколько счетов: бот спрашивает, к какому относится выписка; счёт можно сменить
import: выписка разобрана — строк 9, язык ru, итоги сошлись, виды {purchase: 3, other: 1, ownIn: 1, withdrawal: 1, ownOut: 1, transfer: 1, topup: 1}
02:30 +141: test/statement_import_db_test.dart: длинная выписка пишется несколькими пачками и целиком отменяется
import: выписка разобрана — строк 320, язык ru, итоги сошлись, виды {purchase: 320}
03:00 +141 -1: test/statement_import_db_test.dart: длинная выписка пишется несколькими пачками и целиком отменяется [E]
  TimeoutException after 0:00:30.000000: Test timed out after 30 seconds. See https://pub.dev/packages/test#timeouts
  dart:isolate  _RawReceivePort._handleMessage
  
03:00 +141 -1: test/statement_import_db_test.dart: не тот файл, выписка не сошлась, чтение PDF выключено — понятный ответ и ничего в журнале
import: выписка не разобрана — noTable 
p0 y65 h9 | 40:xxxxxxx 80:x 90:xxxxxxx
import: выписка не разобрана — mismatch 27992
p0 y65 h9 | 40:ВЫПИСКА
p0 y77 h9 | 40:по 55:Kaspi 85:Gold 110:за 125:период 160:с 170:99.99.99 215:по 230:99.99.99
p0 y99 h9 | 40:xxxxxx 75:xxxx 100:xxxxxxxx
p0 y111 h9 | 40:xxxxx 70:xxxxx: 105:*9999
p0 y123 h9 | 40:xxxxx 70:xxxxx: 105:xx99999x999999999999
p0 y145 h9 | 40:xxxxxxx 80:xxxxxxxxxx 135:xxxxxxxx 180:по 195:xxxxx:
p0 y157 h9 | 40:Доступно 85:на 100:99.99.99 300:+ 310:999 330:999,99 365:₸
p0 y169 h9 | 40:Пополнения 300:+ 310:99 325:999,99 360:₸
p0 y181 h9 | 40:Переводы 300:- 310:99 325:999,99 360:₸
p0 y193 h9 | 40:Покупки 300:- 310:99 325:999,99 360:₸
p0 y205 h9 | 40:Доступно 85:на 100:99.99.99 300:+ 310:99 325:999,99 360:₸
p0 y227 h9 | 40:xxxxx 70:на 85:снятие 120:xxxxxxxx 165:xxx 185:xxxxxxxx: 235:999 255:999,99 290:₸
p0 y259 h9 | 40:Дата 110:Сумма 230:Операция 360:Детали
p0 y277 h9 | 40:99.99.99 110:- 120:9 130:999,99 165:₸ 230:Покупка 360:xxxxxx 395:xx99
p0 y295 h9 | 40:99.99.99 110:+ 120:99 135:999,99 170:₸ 230:Пополнение 360:xxxxxxx 400:x.
p0 y313 h9 | 40:99.99.99 110:- 120:99 135:999,99 170:₸ 230:Перевод 360:xxxxxx 395:x.
p0 y331 h9 | 40:99.99.99 110:- 120:99 135:999,99 170:₸ 230:Перевод 270:на 285:свой 360:На 375:Kaspi 405:xxxxxxx
p0 y343 h9 | 230:счет
p0 y361 h9 | 40:99.99.99 110:- 120:99 135:999,99 170:₸ 230:Покупка 360:xxxxxx 395:*xxxxxxx 440:xxxxxx
p0 y373 h9 | 110:(- 125:99,99 155:xxx)
p0 y391 h9 | 40:99.99.99 110:- 120:99 135:999,99 170:₸ 230:Снятие 360:xxxxxxxx 405:Kaspi
p0 y409 h9 | 40:99.99.99 110:+ 120:99 135:999,99 170:₸ 230:Поступление 290:со 360:С 370:Kaspi 400:xxxxxxxx
p0 y421 h9 | 230:своего 265:счета
p0 y439 h9 | 40:99.99.99 110:- 120:999,99 155:₸ 230:Разное 360:xxxxxxxx 405:за 420:перевод
p0 y457 h9 | 40:99.99.99 110:+ 120:9 130:999,99 165:₸ 230:Покупка 360:xxxxxx 395:xx99
03:05 +142 -1: test/statement_import_db_test.dart: чужой чат не может нажать кнопку импорта; «начать заново» стирает импорты
import: выписка разобрана — строк 9, язык ru, итоги сошлись, виды {purchase: 3, other: 1, ownIn: 1, withdrawal: 1, ownOut: 1, transfer: 1, topup: 1}
03:12 +143 -1: test/statement_import_db_test.dart: обычный тариф: сводка и список доступны, запись — в Pro; после оформления та же кнопка записывает
import: выписка разобрана — строк 9, язык ru, итоги сошлись, виды {purchase: 3, other: 1, ownIn: 1, withdrawal: 1, ownOut: 1, transfer: 1, topup: 1}
03:22 +144 -1: test/statement_import_db_test.dart: не больше двадцати файлов в сутки от одного человека — считая неразобранные
import: выписка разобрана — строк 9, язык ru, итоги сошлись, виды {purchase: 3, other: 1, ownIn: 1, withdrawal: 1, ownOut: 1, transfer: 1, topup: 1}
03:34 +145 -1: test/statement_import_db_test.dart: подсказка бота упоминает выписку, только когда импорт включён
03:34 +146 -1: test/statement_import_db_test.dart: (tearDownAll)
04:02 +146 -2: test/statement_import_db_test.dart: (tearDownAll) [E]
  Severity.error 23503: update or delete on table "ledger_accounts" violates foreign key constraint "postings_user_id_account_id_fkey" on table "postings" detail: Key (user_id, id)=(01a10bac-4b76-7689-be21-fdc8c0a6973e, acc0) is still referenced from table "postings". table: postings constraint postings_user_id_account_id_fkey
  package:postgres/src/v3/connection.dart 1070:37  _PgResultStreamSubscription.handleError
  package:postgres/src/v3/connection.dart 611:21   PgConnectionImplementation._handleMessage
  ===== asynchronous gap ===========================
  package:postgres/src/v3/connection.dart 855:35   _PreparedStatement.run
  package:postgres/src/v3/connection.dart 197:29   _PgSessionBase.execute
  package:famcoin_server/auth_service.dart 306:18  deleteUserData.<fn>
  package:postgres/src/v3/connection.dart 695:24   PgConnectionImplementation.runTx.<fn>
  package:pool/pool.dart 127:14                    Pool.withResource
  package:postgres/src/pool/pool_impl.dart 196:16  PoolImplementation.withConnection
  test/statement_import_db_test.dart 122:7         main.<fn>
  ===== asynchronous gap ===========================
  package:postgres/src/v3/connection.dart 186:37   _PgSessionBase.execute
  package:famcoin_server/auth_service.dart 306:18  deleteUserData.<fn>
  package:postgres/src/v3/connection.dart 695:24   PgConnectionImplementation.runTx.<fn>
  package:pool/pool.dart 127:14                    Pool.withResource
  package:postgres/src/pool/pool_impl.dart 196:16  PoolImplementation.withConnection
  test/statement_import_db_test.dart 122:7         main.<fn>
  
04:02 +146 -2: Some tests failed.

Failing tests:
  test/statement_import_db_test.dart: (tearDownAll)
  test/statement_import_db_test.dart: длинная выписка пишется несколькими пачками и целиком отменяется

Consider enabling the flag chain-stack-traces to receive more detailed exceptions.
For example, 'dart test --chain-stack-traces'.
